// Jest Snapshot v1, https://goo.gl/fbAQLP

exports[`FormTitle renders correctly 1`] = `
<div
  className="form-title"
>
  <div>
    foo
  </div>
  <small>
    bar
  </small>
</div>
`;
